// Jest Snapshot v1, https://goo.gl/fbAQLP

exports[`should correctly render Login Page 1`] = `
<div
  className="box-layout"
>
  <div
    className="box-layout__box"
  >
    <h1
      className="box-layout__title"
    >
      Expense Manage App
    </h1>
    <p>
      It's time to get your expense control.
    </p>
    <button
      className="button"
    >
      Login With Google
    </button>
  </div>
</div>
`;
